Archive member included to satisfy reference by file (symbol)

c:/program files (x86)/atmel/studio/7.0/toolchain/avr8/avr8-gnu-toolchain/bin/../lib/gcc/avr/5.4.0/avr5\libgcc.a(_udivmodhi4.o)
                              NRF24L01p.o (__udivmodhi4)
c:/program files (x86)/atmel/studio/7.0/toolchain/avr8/avr8-gnu-toolchain/bin/../lib/gcc/avr/5.4.0/avr5\libgcc.a(_exit.o)
                              C:/Program Files (x86)/Atmel/Studio/7.0/Packs/atmel/ATmega_DFP/1.2.209/gcc/dev/atmega32u4/avr5/crtatmega32u4.o (exit)
c:/program files (x86)/atmel/studio/7.0/toolchain/avr8/avr8-gnu-toolchain/bin/../lib/gcc/avr/5.4.0/avr5\libgcc.a(_tablejump2.o)
                              BNO055.o (__tablejump2__)
c:/program files (x86)/atmel/studio/7.0/toolchain/avr8/avr8-gnu-toolchain/bin/../lib/gcc/avr/5.4.0/avr5\libgcc.a(_copy_data.o)
                              variables.o (__do_copy_data)
c:/program files (x86)/atmel/studio/7.0/toolchain/avr8/avr8-gnu-toolchain/bin/../lib/gcc/avr/5.4.0/avr5\libgcc.a(_clear_bss.o)
                              BNO055.o (__do_clear_bss)

Allocating common symbols
Common symbol       size              file

available_mask      0x1               BNO055.o

Discarded input sections

 .data          0x00000000        0x0 C:/Program Files (x86)/Atmel/Studio/7.0/Packs/atmel/ATmega_DFP/1.2.209/gcc/dev/atmega32u4/avr5/crtatmega32u4.o
 .bss           0x00000000        0x0 C:/Program Files (x86)/Atmel/Studio/7.0/Packs/atmel/ATmega_DFP/1.2.209/gcc/dev/atmega32u4/avr5/crtatmega32u4.o
 .text          0x00000000        0x0 BNO055.o
 .data          0x00000000        0x0 BNO055.o
 .bss           0x00000000        0x0 BNO055.o
 .text.BNO_is_available
                0x00000000       0x18 BNO055.o
 .text.BNO_Read_Quaternion
                0x00000000       0x70 BNO055.o
 .text.BNO_Read_Quaternion_LinAcc
                0x00000000       0x94 BNO055.o
 .text.BNO_Read_Acc_Mag_Gyr
                0x00000000       0xac BNO055.o
 .text          0x00000000        0x0 pipelineFunctions.o
 .data          0x00000000        0x0 pipelineFunctions.o
 .bss           0x00000000        0x0 pipelineFunctions.o
 .text          0x00000000        0x0 main.o
 .data          0x00000000        0x0 main.o
 .bss           0x00000000        0x0 main.o
 .text.UART_Tx  0x00000000        0xe main.o
 .text.UART_Put_String
                0x00000000       0x18 main.o
 .text.INT6_Init
                0x00000000       0x10 main.o
 .text          0x00000000        0x0 NRF24L01p.o
 .data          0x00000000        0x0 NRF24L01p.o
 .bss           0x00000000        0x0 NRF24L01p.o
 .text.nrf_startSending
                0x00000000       0x14 NRF24L01p.o
 .text.nrf_reuseTX
                0x00000000       0x14 NRF24L01p.o
 .text.nrf_isSending
                0x00000000       0x10 NRF24L01p.o
 .text.nrf_RXFifoFull
                0x00000000        0xa NRF24L01p.o
 .text.nrf_TXFifoFull
                0x00000000        0xa NRF24L01p.o
 .text.nrf_TXFifoEmpty
                0x00000000        0xa NRF24L01p.o
 .text.nrf_getChannel
                0x00000000        0x6 NRF24L01p.o
 .text.nrf_getAddressWidth
                0x00000000        0xa NRF24L01p.o
 .text.nrf_getCRCLength
                0x00000000       0x28 NRF24L01p.o
 .text.nRF_getRetryCount
                0x00000000        0xa NRF24L01p.o
 .text.nrf_getDataRate
                0x00000000       0x1c NRF24L01p.o
 .text.nrf_getRFOutPower
                0x00000000        0xc NRF24L01p.o
 .text.nrf_hasDynamicPayloadLengths
                0x00000000        0xa NRF24L01p.o
 .text.nrf_hasDynamicAck
                0x00000000        0xa NRF24L01p.o
 .text.nrf_powerDown
                0x00000000       0x12 NRF24L01p.o
 .text.nrf_setModeTX
                0x00000000       0x16 NRF24L01p.o
 .text.nrf_disableCRC
                0x00000000       0x10 NRF24L01p.o
 .text.nrf_disableAutoAck
                0x00000000       0x2a NRF24L01p.o
 .text.nrf_closeRXPipe
                0x00000000        0x4 NRF24L01p.o
 .text.nrf_disableDynamicPayloadLength
                0x00000000       0x2a NRF24L01p.o
 .text.nrf_disableDynamicPayloadLengths
                0x00000000       0x18 NRF24L01p.o
 .text.nrf_openRXPipe
                0x00000000       0x58 NRF24L01p.o
 .text.nrf_openTXPipe
                0x00000000       0x34 NRF24L01p.o
 .text.nrf_disableDynamicAck
                0x00000000       0x10 NRF24L01p.o
 .text.nrf_writeTXData
                0x00000000       0x30 NRF24L01p.o
 .text.nrf_writeTXDataNoAck
                0x00000000       0x30 NRF24L01p.o
 .text          0x00000000        0x0 processingFunctions.o
 .data          0x00000000        0x0 processingFunctions.o
 .bss           0x00000000        0x0 processingFunctions.o
 .text.do_nothing
                0x00000000        0x2 processingFunctions.o
 .text          0x00000000        0x0 QueryGloveInfo.o
 .data          0x00000000        0x0 QueryGloveInfo.o
 .bss           0x00000000        0x0 QueryGloveInfo.o
 .text          0x00000000        0x0 SPI.o
 .data          0x00000000        0x0 SPI.o
 .bss           0x00000000        0x0 SPI.o
 .text          0x00000000        0x0 twimaster.o
 .data          0x00000000        0x0 twimaster.o
 .bss           0x00000000        0x0 twimaster.o
 .text          0x00000000        0x0 variables.o
 .data          0x00000000        0x0 variables.o
 .bss           0x00000000        0x0 variables.o
 .text          0x00000000        0x0 c:/program files (x86)/atmel/studio/7.0/toolchain/avr8/avr8-gnu-toolchain/bin/../lib/gcc/avr/5.4.0/avr5\libgcc.a(_udivmodhi4.o)
 .data          0x00000000        0x0 c:/program files (x86)/atmel/studio/7.0/toolchain/avr8/avr8-gnu-toolchain/bin/../lib/gcc/avr/5.4.0/avr5\libgcc.a(_udivmodhi4.o)
 .bss           0x00000000        0x0 c:/program files (x86)/atmel/studio/7.0/toolchain/avr8/avr8-gnu-toolchain/bin/../lib/gcc/avr/5.4.0/avr5\libgcc.a(_udivmodhi4.o)
 .text.libgcc.mul
                0x00000000        0x0 c:/program files (x86)/atmel/studio/7.0/toolchain/avr8/avr8-gnu-toolchain/bin/../lib/gcc/avr/5.4.0/avr5\libgcc.a(_udivmodhi4.o)
 .text.libgcc   0x00000000        0x0 c:/program files (x86)/atmel/studio/7.0/toolchain/avr8/avr8-gnu-toolchain/bin/../lib/gcc/avr/5.4.0/avr5\libgcc.a(_udivmodhi4.o)
 .text.libgcc.prologue
                0x00000000        0x0 c:/program files (x86)/atmel/studio/7.0/toolchain/avr8/avr8-gnu-toolchain/bin/../lib/gcc/avr/5.4.0/avr5\libgcc.a(_udivmodhi4.o)
 .text.libgcc.builtins
                0x00000000        0x0 c:/program files (x86)/atmel/studio/7.0/toolchain/avr8/avr8-gnu-toolchain/bin/../lib/gcc/avr/5.4.0/avr5\libgcc.a(_udivmodhi4.o)
 .text.libgcc.fmul
                0x00000000        0x0 c:/program files (x86)/atmel/studio/7.0/toolchain/avr8/avr8-gnu-toolchain/bin/../lib/gcc/avr/5.4.0/avr5\libgcc.a(_udivmodhi4.o)
 .text.libgcc.fixed
                0x00000000        0x0 c:/program files (x86)/atmel/studio/7.0/toolchain/avr8/avr8-gnu-toolchain/bin/../lib/gcc/avr/5.4.0/avr5\libgcc.a(_udivmodhi4.o)
 .text          0x00000000        0x0 c:/program files (x86)/atmel/studio/7.0/toolchain/avr8/avr8-gnu-toolchain/bin/../lib/gcc/avr/5.4.0/avr5\libgcc.a(_exit.o)
 .data          0x00000000        0x0 c:/program files (x86)/atmel/studio/7.0/toolchain/avr8/avr8-gnu-toolchain/bin/../lib/gcc/avr/5.4.0/avr5\libgcc.a(_exit.o)
 .bss           0x00000000        0x0 c:/program files (x86)/atmel/studio/7.0/toolchain/avr8/avr8-gnu-toolchain/bin/../lib/gcc/avr/5.4.0/avr5\libgcc.a(_exit.o)
 .text.libgcc.mul
                0x00000000        0x0 c:/program files (x86)/atmel/studio/7.0/toolchain/avr8/avr8-gnu-toolchain/bin/../lib/gcc/avr/5.4.0/avr5\libgcc.a(_exit.o)
 .text.libgcc.div
                0x00000000        0x0 c:/program files (x86)/atmel/studio/7.0/toolchain/avr8/avr8-gnu-toolchain/bin/../lib/gcc/avr/5.4.0/avr5\libgcc.a(_exit.o)
 .text.libgcc   0x00000000        0x0 c:/program files (x86)/atmel/studio/7.0/toolchain/avr8/avr8-gnu-toolchain/bin/../lib/gcc/avr/5.4.0/avr5\libgcc.a(_exit.o)
 .text.libgcc.prologue
                0x00000000        0x0 c:/program files (x86)/atmel/studio/7.0/toolchain/avr8/avr8-gnu-toolchain/bin/../lib/gcc/avr/5.4.0/avr5\libgcc.a(_exit.o)
 .text.libgcc.builtins
                0x00000000        0x0 c:/program files (x86)/atmel/studio/7.0/toolchain/avr8/avr8-gnu-toolchain/bin/../lib/gcc/avr/5.4.0/avr5\libgcc.a(_exit.o)
 .text.libgcc.fmul
                0x00000000        0x0 c:/program files (x86)/atmel/studio/7.0/toolchain/avr8/avr8-gnu-toolchain/bin/../lib/gcc/avr/5.4.0/avr5\libgcc.a(_exit.o)
 .text.libgcc.fixed
                0x00000000        0x0 c:/program files (x86)/atmel/studio/7.0/toolchain/avr8/avr8-gnu-toolchain/bin/../lib/gcc/avr/5.4.0/avr5\libgcc.a(_exit.o)
 .text          0x00000000        0x0 c:/program files (x86)/atmel/studio/7.0/toolchain/avr8/avr8-gnu-toolchain/bin/../lib/gcc/avr/5.4.0/avr5\libgcc.a(_tablejump2.o)
 .data          0x00000000        0x0 c:/program files (x86)/atmel/studio/7.0/toolchain/avr8/avr8-gnu-toolchain/bin/../lib/gcc/avr/5.4.0/avr5\libgcc.a(_tablejump2.o)
 .bss           0x00000000        0x0 c:/program files (x86)/atmel/studio/7.0/toolchain/avr8/avr8-gnu-toolchain/bin/../lib/gcc/avr/5.4.0/avr5\libgcc.a(_tablejump2.o)
 .text.libgcc.mul
                0x00000000        0x0 c:/program files (x86)/atmel/studio/7.0/toolchain/avr8/avr8-gnu-toolchain/bin/../lib/gcc/avr/5.4.0/avr5\libgcc.a(_tablejump2.o)
 .text.libgcc.div
                0x00000000        0x0 c:/program files (x86)/atmel/studio/7.0/toolchain/avr8/avr8-gnu-toolchain/bin/../lib/gcc/avr/5.4.0/avr5\libgcc.a(_tablejump2.o)
 .text.libgcc.prologue
                0x00000000        0x0 c:/program files (x86)/atmel/studio/7.0/toolchain/avr8/avr8-gnu-toolchain/bin/../lib/gcc/avr/5.4.0/avr5\libgcc.a(_tablejump2.o)
 .text.libgcc.builtins
                0x00000000        0x0 c:/program files (x86)/atmel/studio/7.0/toolchain/avr8/avr8-gnu-toolchain/bin/../lib/gcc/avr/5.4.0/avr5\libgcc.a(_tablejump2.o)
 .text.libgcc.fmul
                0x00000000        0x0 c:/program files (x86)/atmel/studio/7.0/toolchain/avr8/avr8-gnu-toolchain/bin/../lib/gcc/avr/5.4.0/avr5\libgcc.a(_tablejump2.o)
 .text.libgcc.fixed
                0x00000000        0x0 c:/program files (x86)/atmel/studio/7.0/toolchain/avr8/avr8-gnu-toolchain/bin/../lib/gcc/avr/5.4.0/avr5\libgcc.a(_tablejump2.o)
 .text          0x00000000        0x0 c:/program files (x86)/atmel/studio/7.0/toolchain/avr8/avr8-gnu-toolchain/bin/../lib/gcc/avr/5.4.0/avr5\libgcc.a(_copy_data.o)
 .data          0x00000000        0x0 c:/program files (x86)/atmel/studio/7.0/toolchain/avr8/avr8-gnu-toolchain/bin/../lib/gcc/avr/5.4.0/avr5\libgcc.a(_copy_data.o)
 .bss           0x00000000        0x0 c:/program files (x86)/atmel/studio/7.0/toolchain/avr8/avr8-gnu-toolchain/bin/../lib/gcc/avr/5.4.0/avr5\libgcc.a(_copy_data.o)
 .text.libgcc.mul
                0x00000000        0x0 c:/program files (x86)/atmel/studio/7.0/toolchain/avr8/avr8-gnu-toolchain/bin/../lib/gcc/avr/5.4.0/avr5\libgcc.a(_copy_data.o)
 .text.libgcc.div
                0x00000000        0x0 c:/program files (x86)/atmel/studio/7.0/toolchain/avr8/avr8-gnu-toolchain/bin/../lib/gcc/avr/5.4.0/avr5\libgcc.a(_copy_data.o)
 .text.libgcc   0x00000000        0x0 c:/program files (x86)/atmel/studio/7.0/toolchain/avr8/avr8-gnu-toolchain/bin/../lib/gcc/avr/5.4.0/avr5\libgcc.a(_copy_data.o)
 .text.libgcc.prologue
                0x00000000        0x0 c:/program files (x86)/atmel/studio/7.0/toolchain/avr8/avr8-gnu-toolchain/bin/../lib/gcc/avr/5.4.0/avr5\libgcc.a(_copy_data.o)
 .text.libgcc.builtins
                0x00000000        0x0 c:/program files (x86)/atmel/studio/7.0/toolchain/avr8/avr8-gnu-toolchain/bin/../lib/gcc/avr/5.4.0/avr5\libgcc.a(_copy_data.o)
 .text.libgcc.fmul
                0x00000000        0x0 c:/program files (x86)/atmel/studio/7.0/toolchain/avr8/avr8-gnu-toolchain/bin/../lib/gcc/avr/5.4.0/avr5\libgcc.a(_copy_data.o)
 .text.libgcc.fixed
                0x00000000        0x0 c:/program files (x86)/atmel/studio/7.0/toolchain/avr8/avr8-gnu-toolchain/bin/../lib/gcc/avr/5.4.0/avr5\libgcc.a(_copy_data.o)
 .text          0x00000000        0x0 c:/program files (x86)/atmel/studio/7.0/toolchain/avr8/avr8-gnu-toolchain/bin/../lib/gcc/avr/5.4.0/avr5\libgcc.a(_clear_bss.o)
 .data          0x00000000        0x0 c:/program files (x86)/atmel/studio/7.0/toolchain/avr8/avr8-gnu-toolchain/bin/../lib/gcc/avr/5.4.0/avr5\libgcc.a(_clear_bss.o)
 .bss           0x00000000        0x0 c:/program files (x86)/atmel/studio/7.0/toolchain/avr8/avr8-gnu-toolchain/bin/../lib/gcc/avr/5.4.0/avr5\libgcc.a(_clear_bss.o)
 .text.libgcc.mul
                0x00000000        0x0 c:/program files (x86)/atmel/studio/7.0/toolchain/avr8/avr8-gnu-toolchain/bin/../lib/gcc/avr/5.4.0/avr5\libgcc.a(_clear_bss.o)
 .text.libgcc.div
                0x00000000        0x0 c:/program files (x86)/atmel/studio/7.0/toolchain/avr8/avr8-gnu-toolchain/bin/../lib/gcc/avr/5.4.0/avr5\libgcc.a(_clear_bss.o)
 .text.libgcc   0x00000000        0x0 c:/program files (x86)/atmel/studio/7.0/toolchain/avr8/avr8-gnu-toolchain/bin/../lib/gcc/avr/5.4.0/avr5\libgcc.a(_clear_bss.o)
 .text.libgcc.prologue
                0x00000000        0x0 c:/program files (x86)/atmel/studio/7.0/toolchain/avr8/avr8-gnu-toolchain/bin/../lib/gcc/avr/5.4.0/avr5\libgcc.a(_clear_bss.o)
 .text.libgcc.builtins
                0x00000000        0x0 c:/program files (x86)/atmel/studio/7.0/toolchain/avr8/avr8-gnu-toolchain/bin/../lib/gcc/avr/5.4.0/avr5\libgcc.a(_clear_bss.o)
 .text.libgcc.fmul
                0x00000000        0x0 c:/program files (x86)/atmel/studio/7.0/toolchain/avr8/avr8-gnu-toolchain/bin/../lib/gcc/avr/5.4.0/avr5\libgcc.a(_clear_bss.o)
 .text.libgcc.fixed
                0x00000000        0x0 c:/program files (x86)/atmel/studio/7.0/toolchain/avr8/avr8-gnu-toolchain/bin/../lib/gcc/avr/5.4.0/avr5\libgcc.a(_clear_bss.o)

Memory Configuration

Name             Origin             Length             Attributes
text             0x00000000         0x00020000         xr
data             0x00800060         0x0000ffa0         rw !x
eeprom           0x00810000         0x00010000         rw !x
fuse             0x00820000         0x00000003         rw !x
lock             0x00830000         0x00000400         rw !x
signature        0x00840000         0x00000400         rw !x
user_signatures  0x00850000         0x00000400         rw !x
*default*        0x00000000         0xffffffff

Linker script and memory map

Address of section .data set to 0x800100
LOAD C:/Program Files (x86)/Atmel/Studio/7.0/Packs/atmel/ATmega_DFP/1.2.209/gcc/dev/atmega32u4/avr5/crtatmega32u4.o
LOAD BNO055.o
LOAD pipelineFunctions.o
LOAD main.o
LOAD NRF24L01p.o
LOAD processingFunctions.o
LOAD QueryGloveInfo.o
LOAD SPI.o
LOAD twimaster.o
LOAD variables.o
START GROUP
LOAD c:/program files (x86)/atmel/studio/7.0/toolchain/avr8/avr8-gnu-toolchain/bin/../lib/gcc/avr/5.4.0/../../../../avr/lib/avr5\libm.a
END GROUP
START GROUP
LOAD c:/program files (x86)/atmel/studio/7.0/toolchain/avr8/avr8-gnu-toolchain/bin/../lib/gcc/avr/5.4.0/avr5\libgcc.a
LOAD c:/program files (x86)/atmel/studio/7.0/toolchain/avr8/avr8-gnu-toolchain/bin/../lib/gcc/avr/5.4.0/../../../../avr/lib/avr5\libm.a
LOAD c:/program files (x86)/atmel/studio/7.0/toolchain/avr8/avr8-gnu-toolchain/bin/../lib/gcc/avr/5.4.0/../../../../avr/lib/avr5\libc.a
LOAD C:/Program Files (x86)/Atmel/Studio/7.0/Packs/atmel/ATmega_DFP/1.2.209/gcc/dev/atmega32u4/avr5\libatmega32u4.a
END GROUP
                0x00000000                __TEXT_REGION_ORIGIN__ = DEFINED (__TEXT_REGION_ORIGIN__)?__TEXT_REGION_ORIGIN__:0x0
                0x00800060                __DATA_REGION_ORIGIN__ = DEFINED (__DATA_REGION_ORIGIN__)?__DATA_REGION_ORIGIN__:0x800060
                0x00020000                __TEXT_REGION_LENGTH__ = DEFINED (__TEXT_REGION_LENGTH__)?__TEXT_REGION_LENGTH__:0x20000
                0x0000ffa0                __DATA_REGION_LENGTH__ = DEFINED (__DATA_REGION_LENGTH__)?__DATA_REGION_LENGTH__:0xffa0
                0x00010000                __EEPROM_REGION_LENGTH__ = DEFINED (__EEPROM_REGION_LENGTH__)?__EEPROM_REGION_LENGTH__:0x10000
                [0x00000003]                __FUSE_REGION_LENGTH__ = DEFINED (__FUSE_REGION_LENGTH__)?__FUSE_REGION_LENGTH__:0x400
                0x00000400                __LOCK_REGION_LENGTH__ = DEFINED (__LOCK_REGION_LENGTH__)?__LOCK_REGION_LENGTH__:0x400
                0x00000400                __SIGNATURE_REGION_LENGTH__ = DEFINED (__SIGNATURE_REGION_LENGTH__)?__SIGNATURE_REGION_LENGTH__:0x400
                0x00000400                __USER_SIGNATURE_REGION_LENGTH__ = DEFINED (__USER_SIGNATURE_REGION_LENGTH__)?__USER_SIGNATURE_REGION_LENGTH__:0x400

.hash
 *(.hash)

.dynsym
 *(.dynsym)

.dynstr
 *(.dynstr)

.gnu.version
 *(.gnu.version)

.gnu.version_d
 *(.gnu.version_d)

.gnu.version_r
 *(.gnu.version_r)

.rel.init
 *(.rel.init)

.rela.init
 *(.rela.init)

.rel.text
 *(.rel.text)
 *(.rel.text.*)
 *(.rel.gnu.linkonce.t*)

.rela.text
 *(.rela.text)
 *(.rela.text.*)
 *(.rela.gnu.linkonce.t*)

.rel.fini
 *(.rel.fini)

.rela.fini
 *(.rela.fini)

.rel.rodata
 *(.rel.rodata)
 *(.rel.rodata.*)
 *(.rel.gnu.linkonce.r*)

.rela.rodata
 *(.rela.rodata)
 *(.rela.rodata.*)
 *(.rela.gnu.linkonce.r*)

.rel.data
 *(.rel.data)
 *(.rel.data.*)
 *(.rel.gnu.linkonce.d*)

.rela.data
 *(.rela.data)
 *(.rela.data.*)
 *(.rela.gnu.linkonce.d*)

.rel.ctors
 *(.rel.ctors)

.rela.ctors
 *(.rela.ctors)

.rel.dtors
 *(.rel.dtors)

.rela.dtors
 *(.rela.dtors)

.rel.got
 *(.rel.got)

.rela.got
 *(.rela.got)

.rel.bss
 *(.rel.bss)

.rela.bss
 *(.rela.bss)

.rel.plt
 *(.rel.plt)

.rela.plt
 *(.rela.plt)

.text           0x00000000     0x1694
 *(.vectors)
 .vectors       0x00000000       0xac C:/Program Files (x86)/Atmel/Studio/7.0/Packs/atmel/ATmega_DFP/1.2.209/gcc/dev/atmega32u4/avr5/crtatmega32u4.o
                0x00000000                __vector_default
                0x00000000                __vectors
 *(.vectors)
 *(.progmem.gcc*)
 .progmem.gcc_sw_table.BNO_MUX_Select
                0x000000ac       0x10 BNO055.o
                0x000000bc                . = ALIGN (0x2)
                0x000000bc                __trampolines_start = .
 *(.trampolines)
 .trampolines   0x000000bc        0x0 linker stubs
 *(.trampolines*)
                0x000000bc                __trampolines_end = .
 *libprintf_flt.a:*(.progmem.data)
 *libc.a:*(.progmem.data)
 *(.progmem*)
                0x000000bc                . = ALIGN (0x2)
 *(.jumptables)
 *(.jumptables*)
 *(.lowtext)
 *(.lowtext*)
                0x000000bc                __ctors_start = .
 *(.ctors)
                0x000000bc                __ctors_end = .
                0x000000bc                __dtors_start = .
 *(.dtors)
                0x000000bc                __dtors_end = .
 SORT(*)(.ctors)
 SORT(*)(.dtors)
 *(.init0)
 .init0         0x000000bc        0x0 C:/Program Files (x86)/Atmel/Studio/7.0/Packs/atmel/ATmega_DFP/1.2.209/gcc/dev/atmega32u4/avr5/crtatmega32u4.o
                0x000000bc                __init
 *(.init0)
 *(.init1)
 *(.init1)
 *(.init2)
 .init2         0x000000bc        0xc C:/Program Files (x86)/Atmel/Studio/7.0/Packs/atmel/ATmega_DFP/1.2.209/gcc/dev/atmega32u4/avr5/crtatmega32u4.o
 *(.init2)
 *(.init3)
 .init3         0x000000c8       0x1e main.o
                0x000000c8                get_mcusr
 *(.init3)
 *(.init4)
 .init4         0x000000e6       0x16 c:/program files (x86)/atmel/studio/7.0/toolchain/avr8/avr8-gnu-toolchain/bin/../lib/gcc/avr/5.4.0/avr5\libgcc.a(_copy_data.o)
                0x000000e6                __do_copy_data
 .init4         0x000000fc       0x10 c:/program files (x86)/atmel/studio/7.0/toolchain/avr8/avr8-gnu-toolchain/bin/../lib/gcc/avr/5.4.0/avr5\libgcc.a(_clear_bss.o)
                0x000000fc                __do_clear_bss
 *(.init4)
 *(.init5)
 *(.init5)
 *(.init6)
 *(.init6)
 *(.init7)
 *(.init7)
 *(.init8)
 *(.init8)
 *(.init9)
 .init9         0x0000010c        0x8 C:/Program Files (x86)/Atmel/Studio/7.0/Packs/atmel/ATmega_DFP/1.2.209/gcc/dev/atmega32u4/avr5/crtatmega32u4.o
 *(.init9)
 *(.text)
 .text          0x00000114        0x4 C:/Program Files (x86)/Atmel/Studio/7.0/Packs/atmel/ATmega_DFP/1.2.209/gcc/dev/atmega32u4/avr5/crtatmega32u4.o
                0x00000114                __vector_38
                0x00000114                __vector_22
                0x00000114                __vector_28
                0x00000114                __vector_1
                0x00000114                __vector_32
                0x00000114                __vector_34
                0x00000114                __vector_24
                0x00000114                __vector_12
                0x00000114                __bad_interrupt
                0x00000114                __vector_6
                0x00000114                __vector_31
                0x00000114                __vector_35
                0x00000114                __vector_39
                0x00000114                __vector_3
                0x00000114                __vector_23
                0x00000114                __vector_30
                0x00000114                __vector_25
                0x00000114                __vector_11
                0x00000114                __vector_13
                0x00000114                __vector_17
                0x00000114                __vector_19
                0x00000114                __vector_41
                0x00000114                __vector_27
                0x00000114                __vector_5
                0x00000114                __vector_33
                0x00000114                __vector_37
                0x00000114                __vector_4
                0x00000114                __vector_9
                0x00000114                __vector_2
                0x00000114                __vector_21
                0x00000114                __vector_15
                0x00000114                __vector_36
                0x00000114                __vector_29
                0x00000114                __vector_40
                0x00000114                __vector_8
                0x00000114                __vector_26
                0x00000114                __vector_14
                0x00000114                __vector_10
                0x00000114                __vector_16
                0x00000114                __vector_18
                0x00000114                __vector_20
                0x00000114                __vector_42
                0x00000118                . = ALIGN (0x2)
 *(.text.*)
 .text.show_err
                0x00000118       0x2a BNO055.o
                0x00000118                show_err
 .text.show_succ
                0x00000142       0x2a BNO055.o
                0x00000142                show_succ
 .text.BNO_MUX_Select
                0x0000016c       0x46 BNO055.o
                0x0000016c                BNO_MUX_Select
 .text.BNO_Init
                0x000001b2      0x14c BNO055.o
                0x000001b2                BNO_Init
 .text.BNO_Read_Quaternion_Compressed
                0x000002fe      0x120 BNO055.o
                0x000002fe                BNO_Read_Quaternion_Compressed
 .text.BNO_Read_Quaternion_LinAcc_Compressed
                0x0000041e      0x18e BNO055.o
                0x0000041e                BNO_Read_Quaternion_LinAcc_Compressed
 .text.BNO_Read_Calibration_Data
                0x000005ac       0x46 BNO055.o
                0x000005ac                BNO_Read_Calibration_Data
 .text.initPackets
                0x000005f2       0x52 pipelineFunctions.o
                0x000005f2                initPackets
 .text.updatePacketsSampleID
                0x00000644       0x2c pipelineFunctions.o
                0x00000644                updatePacketsSampleID
 .text.modeIsValid
                0x00000670        0xc pipelineFunctions.o
                0x00000670                modeIsValid
 .text.AVR_Init
                0x0000067c       0x6c main.o
                0x0000067c                AVR_Init
 .text.UART_Init
                0x000006e8       0x2c main.o
                0x000006e8                UART_Init
 .text.__vector_7
                0x00000714       0x84 main.o
                0x00000714                __vector_7
 .text.startup.main
                0x00000798      0x61c main.o
                0x00000798                main
 .text.nrf_getStatus
                0x00000db4       0x14 NRF24L01p.o
                0x00000db4                nrf_getStatus
 .text.nrf_getIRQStatus
                0x00000dc8       0x3c NRF24L01p.o
                0x00000dc8                nrf_getIRQStatus
 .text.nrf_flushRX
                0x00000e04       0x14 NRF24L01p.o
                0x00000e04                nrf_flushRX
 .text.nrf_flushTX
                0x00000e18       0x14 NRF24L01p.o
                0x00000e18                nrf_flushTX
 .text.nrf_flushAll
                0x00000e2c        0x8 NRF24L01p.o
                0x00000e2c                nrf_flushAll
 .text.nrf_startListening
                0x00000e34        0xc NRF24L01p.o
                0x00000e34                nrf_startListening
 .text.nrf_stopListening
                0x00000e40        0x4 NRF24L01p.o
                0x00000e40                nrf_stopListening
 .text.nrf_getRXPipeNumber
                0x00000e44        0xa NRF24L01p.o
                0x00000e44                nrf_getRXPipeNumber
 .text.nrf_setTXAddress
                0x00000e4e       0x3a NRF24L01p.o
                0x00000e4e                nrf_setTXAddress
 .text.SPI_Read_Byte
                0x00000e88       0x18 NRF24L01p.o
                0x00000e88                SPI_Read_Byte
 .text.nrf_isPoweredUp
                0x00000ea0        0xa NRF24L01p.o
                0x00000ea0                nrf_isPoweredUp
 .text.nrf_RXFifoEmpty
                0x00000eaa        0xa NRF24L01p.o
                0x00000eaa                nrf_RXFifoEmpty
 .text.nrf_dataAvailable
                0x00000eb4        0xc NRF24L01p.o
                0x00000eb4                nrf_dataAvailable
 .text.nrf_getPayloadLength
                0x00000ec0        0xe NRF24L01p.o
                0x00000ec0                nrf_getPayloadLength
 .text.nrf_getDynamicPayloadLength
                0x00000ece        0x6 NRF24L01p.o
                0x00000ece                nrf_getDynamicPayloadLength
 .text.nrf_hasDynamicPayloadLength
                0x00000ed4       0x24 NRF24L01p.o
                0x00000ed4                nrf_hasDynamicPayloadLength
 .text.nrf_readRXData
                0x00000ef8       0x7e NRF24L01p.o
                0x00000ef8                nrf_readRXData
 .text.SPI_Write_Byte
                0x00000f76       0x28 NRF24L01p.o
                0x00000f76                SPI_Write_Byte
 .text.nrf_powerUp
                0x00000f9e       0x26 NRF24L01p.o
                0x00000f9e                nrf_powerUp
 .text.nrf_maskIRQ
                0x00000fc4       0x44 NRF24L01p.o
                0x00000fc4                nrf_maskIRQ
 .text.nrf_resetIRQFlags
                0x00001008        0x8 NRF24L01p.o
                0x00001008                nrf_resetIRQFlags
 .text.nrf_setModeRX
                0x00001010       0x16 NRF24L01p.o
                0x00001010                nrf_setModeRX
 .text.nrf_setChannel
                0x00001026        0xe NRF24L01p.o
                0x00001026                nrf_setChannel
 .text.nrf_setAddressWidth
                0x00001034       0x18 NRF24L01p.o
                0x00001034                nrf_setAddressWidth
 .text.nrf_setCRCLength
                0x0000104c       0x24 NRF24L01p.o
                0x0000104c                nrf_setCRCLength
 .text.nrf_setRXAddress
                0x00001070       0x58 NRF24L01p.o
                0x00001070                nrf_setRXAddress
 .text.nrf_setRetries
                0x000010c8       0x3c NRF24L01p.o
                0x000010c8                nrf_setRetries
 .text.nrf_setPayloadLength
                0x00001104       0x12 NRF24L01p.o
                0x00001104                nrf_setPayloadLength
 .text.nrf_setDataRate
                0x00001116       0x24 NRF24L01p.o
                0x00001116                nrf_setDataRate
 .text.nrf_setRFOutPower
                0x0000113a       0x20 NRF24L01p.o
                0x0000113a                nrf_setRFOutPower
 .text.nrf_init
                0x0000115a       0x44 NRF24L01p.o
                0x0000115a                nrf_init
 .text.nrf_enableAutoAck
                0x0000119e       0x28 NRF24L01p.o
                0x0000119e                nrf_enableAutoAck
 .text.nrf_enableRXAddress
                0x000011c6       0x28 NRF24L01p.o
                0x000011c6                nrf_enableRXAddress
 .text.nrf_disableRXAddress
                0x000011ee       0x2a NRF24L01p.o
                0x000011ee                nrf_disableRXAddress
 .text.nrf_enableDynamicPayloadLengths
                0x00001218       0x10 NRF24L01p.o
                0x00001218                nrf_enableDynamicPayloadLengths
 .text.nrf_enableDynamicPayloadLength
                0x00001228       0x32 NRF24L01p.o
                0x00001228                nrf_enableDynamicPayloadLength
 .text.nrf_enableAckPayload
                0x0000125a       0x14 NRF24L01p.o
                0x0000125a                nrf_enableAckPayload
 .text.nrf_disableAckPayload
                0x0000126e       0x10 NRF24L01p.o
                0x0000126e                nrf_disableAckPayload
 .text.nrf_enableDynamicAck
                0x0000127e       0x10 NRF24L01p.o
                0x0000127e                nrf_enableDynamicAck
 .text.nrf_openDynamicRXPipe
                0x0000128e       0x4a NRF24L01p.o
                0x0000128e                nrf_openDynamicRXPipe
 .text.nrf_openDynamicTXPipe
                0x000012d8       0x2e NRF24L01p.o
                0x000012d8                nrf_openDynamicTXPipe
 .text.writePayload
                0x00001306       0x28 NRF24L01p.o
                0x00001306                writePayload
 .text.SPI_Write_Bytes
                0x0000132e       0x2a NRF24L01p.o
                0x0000132e                SPI_Write_Bytes
 .text.nrf_writeAckData
                0x00001358        0xc NRF24L01p.o
                0x00001358                nrf_writeAckData
 .text.process_quat_linAcc
                0x00001364       0x7c processingFunctions.o
                0x00001364                process_quat_linAcc
 .text.process_quat
                0x000013e0       0x5c processingFunctions.o
                0x000013e0                process_quat
 .text.query_calibration_data
                0x0000143c       0x56 QueryGloveInfo.o
                0x0000143c                query_calibration_data
 .text.query_glove_config
                0x00001492       0x2c QueryGloveInfo.o
                0x00001492                query_glove_config
 .text.SPI_Init
                0x000014be       0x34 SPI.o
                0x000014be                SPI_Init
 .text.SPI_Write
                0x000014f2        0xc SPI.o
                0x000014f2                SPI_Write
 .text.i2c_init
                0x000014fe        0xc twimaster.o
                0x000014fe                i2c_init
 .text.i2c_start
                0x0000150a       0x44 twimaster.o
                0x0000150a                i2c_start
 .text.i2c_start_wait
                0x0000154e       0x4e twimaster.o
                0x0000154e                i2c_start_wait
 .text.i2c_start_wait_for
                0x0000159c       0x62 twimaster.o
                0x0000159c                i2c_start_wait_for
 .text.i2c_rep_start
                0x000015fe        0x4 twimaster.o
                0x000015fe                i2c_rep_start
 .text.i2c_stop
                0x00001602       0x10 twimaster.o
                0x00001602                i2c_stop
 .text.i2c_write
                0x00001612       0x22 twimaster.o
                0x00001612                i2c_write
 .text.i2c_readAck
                0x00001634       0x14 twimaster.o
                0x00001634                i2c_readAck
 .text.i2c_readNak
                0x00001648       0x14 twimaster.o
                0x00001648                i2c_readNak
 .text.libgcc.div
                0x0000165c       0x28 c:/program files (x86)/atmel/studio/7.0/toolchain/avr8/avr8-gnu-toolchain/bin/../lib/gcc/avr/5.4.0/avr5\libgcc.a(_udivmodhi4.o)
                0x0000165c                __udivmodhi4
 .text.libgcc   0x00001684        0xc c:/program files (x86)/atmel/studio/7.0/toolchain/avr8/avr8-gnu-toolchain/bin/../lib/gcc/avr/5.4.0/avr5\libgcc.a(_tablejump2.o)
                0x00001684                __tablejump2__
                0x00001690                . = ALIGN (0x2)
 *(.fini9)
 .fini9         0x00001690        0x0 c:/program files (x86)/atmel/studio/7.0/toolchain/avr8/avr8-gnu-toolchain/bin/../lib/gcc/avr/5.4.0/avr5\libgcc.a(_exit.o)
                0x00001690                _exit
                0x00001690                exit
 *(.fini9)
 *(.fini8)
 *(.fini8)
 *(.fini7)
 *(.fini7)
 *(.fini6)
 *(.fini6)
 *(.fini5)
 *(.fini5)
 *(.fini4)
 *(.fini4)
 *(.fini3)
 *(.fini3)
 *(.fini2)
 *(.fini2)
 *(.fini1)
 *(.fini1)
 *(.fini0)
 .fini0         0x00001690        0x4 c:/program files (x86)/atmel/studio/7.0/toolchain/avr8/avr8-gnu-toolchain/bin/../lib/gcc/avr/5.4.0/avr5\libgcc.a(_exit.o)
 *(.fini0)
                0x00001694                _etext = .

.data           0x00800100       0x2a load address 0x00001694
                0x00800100                PROVIDE (__data_start, .)
 *(.data)
 *(.data*)
 .data.payload_Glove_config
                0x00800100       0x20 variables.o
                0x00800100                payload_Glove_config
 .data.BS_broadcast_address
                0x00800120        0x5 variables.o
                0x00800120                BS_broadcast_address
 .data.BS_data_address
                0x00800125        0x5 variables.o
                0x00800125                BS_data_address
 *(.gnu.linkonce.d*)
 *(.rodata)
 *(.rodata*)
 *(.gnu.linkonce.r*)
                0x0080012a                . = ALIGN (0x2)
                0x0080012a                _edata = .
                0x0080012a                PROVIDE (__data_end, .)

.bss            0x0080012a       0xa1
                0x0080012a                PROVIDE (__bss_start, .)
 *(.bss)
 *(.bss*)
 .bss.payload_TX3
                0x0080012a       0x20 variables.o
                0x0080012a                payload_TX3
 .bss.payload_TX2
                0x0080014a       0x20 variables.o
                0x0080014a                payload_TX2
 .bss.payload_TX1
                0x0080016a       0x20 variables.o
                0x0080016a                payload_TX1
 .bss.payload_TX0
                0x0080018a       0x20 variables.o
                0x0080018a                payload_TX0
 .bss.payload_RX
                0x008001aa       0x20 variables.o
                0x008001aa                payload_RX
 *(COMMON)
 COMMON         0x008001ca        0x1 BNO055.o
                0x008001ca                available_mask
                0x008001cb                PROVIDE (__bss_end, .)
                0x00001694                __data_load_start = LOADADDR (.data)
                0x000016be                __data_load_end = (__data_load_start + SIZEOF (.data))

.noinit         0x008001cb        0x1
                [!provide]                PROVIDE (__noinit_start, .)
 *(.noinit*)
 .noinit        0x008001cb        0x1 main.o
                0x008001cb                mcusr_mirror
                [!provide]                PROVIDE (__noinit_end, .)
                0x008001cc                _end = .
                [!provide]                PROVIDE (__heap_start, .)

.eeprom         0x00810000        0x0
 *(.eeprom*)
                0x00810000                __eeprom_end = .

.fuse
 *(.fuse)
 *(.lfuse)
 *(.hfuse)
 *(.efuse)

.lock
 *(.lock*)

.signature
 *(.signature*)

.user_signatures
 *(.user_signatures*)

.stab
 *(.stab)

.stabstr
 *(.stabstr)

.stab.excl
 *(.stab.excl)

.stab.exclstr
 *(.stab.exclstr)

.stab.index
 *(.stab.index)

.stab.indexstr
 *(.stab.indexstr)

.comment        0x00000000       0x30
 *(.comment)
 .comment       0x00000000       0x30 BNO055.o
                                 0x31 (size before relaxing)
 .comment       0x00000030       0x31 pipelineFunctions.o
 .comment       0x00000030       0x31 main.o
 .comment       0x00000030       0x31 NRF24L01p.o
 .comment       0x00000030       0x31 processingFunctions.o
 .comment       0x00000030       0x31 QueryGloveInfo.o
 .comment       0x00000030       0x31 SPI.o
 .comment       0x00000030       0x31 twimaster.o
 .comment       0x00000030       0x31 variables.o

.note.gnu.avr.deviceinfo
                0x00000000       0x40
 .note.gnu.avr.deviceinfo
                0x00000000       0x40 C:/Program Files (x86)/Atmel/Studio/7.0/Packs/atmel/ATmega_DFP/1.2.209/gcc/dev/atmega32u4/avr5/crtatmega32u4.o

.note.gnu.build-id
 *(.note.gnu.build-id)

.debug
 *(.debug)

.line
 *(.line)

.debug_srcinfo
 *(.debug_srcinfo)

.debug_sfnames
 *(.debug_sfnames)

.debug_aranges
 *(.debug_aranges)

.debug_pubnames
 *(.debug_pubnames)

.debug_info     0x00000000      0x9f4
 *(.debug_info .gnu.linkonce.wi.*)
 .debug_info    0x00000000      0x9f4 C:/Program Files (x86)/Atmel/Studio/7.0/Packs/atmel/ATmega_DFP/1.2.209/gcc/dev/atmega32u4/avr5/crtatmega32u4.o

.debug_abbrev   0x00000000      0x96a
 *(.debug_abbrev)
 .debug_abbrev  0x00000000      0x96a C:/Program Files (x86)/Atmel/Studio/7.0/Packs/atmel/ATmega_DFP/1.2.209/gcc/dev/atmega32u4/avr5/crtatmega32u4.o

.debug_line     0x00000000      0x199
 *(.debug_line .debug_line.* .debug_line_end)
 .debug_line    0x00000000      0x199 C:/Program Files (x86)/Atmel/Studio/7.0/Packs/atmel/ATmega_DFP/1.2.209/gcc/dev/atmega32u4/avr5/crtatmega32u4.o

.debug_frame
 *(.debug_frame)

.debug_str      0x00000000      0x371
 *(.debug_str)
 .debug_str     0x00000000      0x371 C:/Program Files (x86)/Atmel/Studio/7.0/Packs/atmel/ATmega_DFP/1.2.209/gcc/dev/atmega32u4/avr5/crtatmega32u4.o

.debug_loc
 *(.debug_loc)

.debug_macinfo
 *(.debug_macinfo)

.debug_weaknames
 *(.debug_weaknames)

.debug_funcnames
 *(.debug_funcnames)

.debug_typenames
 *(.debug_typenames)

.debug_varnames
 *(.debug_varnames)

.debug_pubtypes
 *(.debug_pubtypes)

.debug_ranges
 *(.debug_ranges)

.debug_macro
 *(.debug_macro)
OUTPUT(Glove.elf elf32-avr)
LOAD linker stubs
